// Jest Snapshot v1, https://goo.gl/fbAQLP

exports[`Testing al cliente Es Wilson Aguilar 1`] = `
Object {
  "balance": 500,
  "nombre": "Wilson Aguilar",
  "tipo": "premium",
}
`;
